\BOOKMARK [1][-]{section.1}{\376\377\000V\000i\000s\000\343\000o\000\040\000G\000e\000r\000a\000l}{}% 1
\BOOKMARK [1][-]{section.2}{\376\377\000P\000o\000r\000t\000\040\000S\000c\000a\000n\000n\000e\000r}{}% 2
\BOOKMARK [2][-]{subsection.2.1}{\376\377\000U\000s\000o\000\040\000B\000\341\000s\000i\000c\000o}{section.2}% 3
\BOOKMARK [2][-]{subsection.2.2}{\376\377\000E\000x\000e\000m\000p\000l\000o\000s}{section.2}% 4
\BOOKMARK [2][-]{subsection.2.3}{\376\377\000C\000a\000r\000a\000c\000t\000e\000r\000\355\000s\000t\000i\000c\000a\000s}{section.2}% 5
\BOOKMARK [2][-]{subsection.2.4}{\376\377\000O\000u\000t\000p\000u\000t\000\040\000\050\000e\000x\000e\000m\000p\000l\000o\000\051}{section.2}% 6
\BOOKMARK [1][-]{section.3}{\376\377\000U\000D\000P\000\040\000F\000l\000o\000o\000d\000e\000r}{}% 7
\BOOKMARK [2][-]{subsection.3.1}{\376\377\000U\000s\000o\000\040\000B\000\341\000s\000i\000c\000o}{section.3}% 8
\BOOKMARK [2][-]{subsection.3.2}{\376\377\000O\000p\000\347\000\365\000e\000s}{section.3}% 9
\BOOKMARK [2][-]{subsection.3.3}{\376\377\000E\000x\000e\000m\000p\000l\000o\000s}{section.3}% 10
\BOOKMARK [2][-]{subsection.3.4}{\376\377\000A\000v\000i\000s\000o\000\040\000L\000e\000g\000a\000l}{section.3}% 11
\BOOKMARK [1][-]{section.4}{\376\377\000S\000Y\000N\000\040\000F\000l\000o\000o\000d\000e\000r}{}% 12
\BOOKMARK [2][-]{subsection.4.1}{\376\377\000R\000e\000q\000u\000i\000s\000i\000t\000o\000s}{section.4}% 13
\BOOKMARK [2][-]{subsection.4.2}{\376\377\000U\000s\000o\000\040\000B\000\341\000s\000i\000c\000o}{section.4}% 14
\BOOKMARK [2][-]{subsection.4.3}{\376\377\000O\000p\000\347\000\365\000e\000s}{section.4}% 15
\BOOKMARK [2][-]{subsection.4.4}{\376\377\000E\000x\000e\000m\000p\000l\000o\000s}{section.4}% 16
\BOOKMARK [2][-]{subsection.4.5}{\376\377\000C\000a\000r\000a\000c\000t\000e\000r\000\355\000s\000t\000i\000c\000a\000s}{section.4}% 17
\BOOKMARK [2][-]{subsection.4.6}{\376\377\000O\000u\000t\000p\000u\000t\000\040\000\050\000e\000x\000e\000m\000p\000l\000o\000\051}{section.4}% 18
\BOOKMARK [2][-]{subsection.4.7}{\376\377\000A\000v\000i\000s\000o\000\040\000L\000e\000g\000a\000l}{section.4}% 19
\BOOKMARK [1][-]{section.5}{\376\377\000L\000o\000g\000\040\000A\000n\000a\000l\000y\000z\000e\000r}{}% 20
\BOOKMARK [2][-]{subsection.5.1}{\376\377\000U\000s\000o\000\040\000B\000\341\000s\000i\000c\000o}{section.5}% 21
\BOOKMARK [2][-]{subsection.5.2}{\376\377\000O\000p\000\347\000\365\000e\000s}{section.5}% 22
\BOOKMARK [2][-]{subsection.5.3}{\376\377\000E\000x\000e\000m\000p\000l\000o\000s}{section.5}% 23
\BOOKMARK [2][-]{subsection.5.4}{\376\377\000F\000o\000r\000m\000a\000t\000o\000s\000\040\000S\000u\000p\000o\000r\000t\000a\000d\000o\000s}{section.5}% 24
\BOOKMARK [2][-]{subsection.5.5}{\376\377\000O\000u\000t\000p\000u\000t\000\040\000\050\000e\000x\000e\000m\000p\000l\000o\000\051}{section.5}% 25
\BOOKMARK [2][-]{subsection.5.6}{\376\377\000A\000n\000\341\000l\000i\000s\000e\000\040\000P\000r\000o\000d\000u\000z\000i\000d\000a}{section.5}% 26
\BOOKMARK [1][-]{section.6}{\376\377\000P\000o\000r\000t\000\040\000K\000n\000o\000c\000k\000e\000r}{}% 27
\BOOKMARK [2][-]{subsection.6.1}{\376\377\000U\000s\000o\000\040\000B\000\341\000s\000i\000c\000o}{section.6}% 28
\BOOKMARK [2][-]{subsection.6.2}{\376\377\000E\000x\000e\000m\000p\000l\000o\000s}{section.6}% 29
\BOOKMARK [2][-]{subsection.6.3}{\376\377\000C\000o\000n\000f\000i\000g\000u\000r\000a\000\347\000\343\000o\000\040\000d\000a\000\040\000M\000\341\000q\000u\000i\000n\000a\000\040\000A\000l\000v\000o\000\040\000\050\000L\000i\000n\000u\000x\000\051}{section.6}% 30
\BOOKMARK [2][-]{subsection.6.4}{\376\377\000F\000l\000u\000x\000o\000\040\000T\000\355\000p\000i\000c\000o}{section.6}% 31
\BOOKMARK [1][-]{section.7}{\376\377\000P\000a\000s\000s\000w\000o\000r\000d\000\040\000M\000a\000n\000a\000g\000e\000r}{}% 32
\BOOKMARK [2][-]{subsection.7.1}{\376\377\000I\000n\000i\000c\000i\000a\000\347\000\343\000o\000\040\000\050\000P\000r\000i\000m\000e\000i\000r\000a\000\040\000E\000x\000e\000c\000u\000\347\000\343\000o\000\051}{section.7}% 33
\BOOKMARK [2][-]{subsection.7.2}{\376\377\000C\000r\000i\000a\000r\000\040\000R\000e\000g\000i\000s\000t\000o}{section.7}% 34
\BOOKMARK [2][-]{subsection.7.3}{\376\377\000L\000i\000s\000t\000a\000r\000\040\000R\000e\000g\000i\000s\000t\000o\000s\000\040\000\050\000R\000e\000q\000u\000e\000r\000\040\0002\000F\000A\000\051}{section.7}% 35
\BOOKMARK [2][-]{subsection.7.4}{\376\377\000V\000i\000s\000u\000a\000l\000i\000z\000a\000r\000\040\000u\000m\000\040\000R\000e\000g\000i\000s\000t\000o\000\040\000\050\000R\000e\000q\000u\000e\000r\000\040\0002\000F\000A\000\051}{section.7}% 36
\BOOKMARK [2][-]{subsection.7.5}{\376\377\000A\000t\000u\000a\000l\000i\000z\000a\000r\000\040\000R\000e\000g\000i\000s\000t\000o\000\040\000\050\000R\000e\000q\000u\000e\000r\000\040\0002\000F\000A\000\051}{section.7}% 37
\BOOKMARK [2][-]{subsection.7.6}{\376\377\000E\000l\000i\000m\000i\000n\000a\000r\000\040\000R\000e\000g\000i\000s\000t\000o\000\040\000\050\000R\000e\000q\000u\000e\000r\000\040\0002\000F\000A\000\051}{section.7}% 38
\BOOKMARK [2][-]{subsection.7.7}{\376\377\000M\000o\000d\000o\000\040\000I\000n\000t\000e\000r\000a\000t\000i\000v\000o}{section.7}% 39
\BOOKMARK [2][-]{subsection.7.8}{\376\377\000C\000a\000r\000a\000c\000t\000e\000r\000\355\000s\000t\000i\000c\000a\000s}{section.7}% 40
\BOOKMARK [2][-]{subsection.7.9}{\376\377\000F\000i\000c\000h\000e\000i\000r\000o\000s\000\040\000C\000r\000i\000a\000d\000o\000s}{section.7}% 41
\BOOKMARK [1][-]{section.8}{\376\377\000I\000n\000i\000c\000i\000a\000r\000\040\000v\000i\000a\000\040\000M\000e\000n\000u\000\040\000P\000r\000i\000n\000c\000i\000p\000a\000l}{}% 42
\BOOKMARK [1][-]{section.9}{\376\377\000D\000e\000p\000e\000n\000d\000\352\000n\000c\000i\000a\000s}{}% 43
\BOOKMARK [1][-]{section.10}{\376\377\000N\000o\000t\000a\000\040\000d\000e\000\040\000S\000e\000g\000u\000r\000a\000n\000\347\000a}{}% 44
